﻿[36mvite v4.5.14 [32mbuilding for production...[36m[39m
transforming...
[32mÔ£ô[39m 15 modules transformed.
[32mÔ£ô built in 664ms[39m
node.exe : [31m[vite:esbuild] Transform failed with 1 error:
En línea: 1 Carácter: 1
+ & "C:\Program Files\nodejs/node.exe" "C:\Program Files\nodejs/node_mo ...
+ ~~~~~~~~~~~~~~~~~~~~~~~~~~~~~~~~~~~~~~~~~~~~~~~~~~~~~~~~~~~~~~~~~~~~~
    + CategoryInfo          : NotSpecified: ([31m[vite:esbu...d with 1 error::String) [], RemoteException
    + FullyQualifiedErrorId : NativeCommandError
 
C:/Users/oscar/.gemini/antigravity/scratch/cuadrante-fetico/src/App.jsx:199:8: ERROR: The symbol "stopAlarm" has 
already been declared[39m
file: [36mC:/Users/oscar/.gemini/antigravity/scratch/cuadrante-fetico/src/App.jsx:199:8[39m
[33m
[33mThe symbol "stopAlarm" has already been declared[33m
197|    // FIN FUNCIONES LICENCIAS
198|  
199|    const stopAlarm = () => {
   |          ^
200|      if (alarmRef.current) {
201|        alarmRef.current.pause();
[39m
[31merror during build:
Error: Transform failed with 1 error:
C:/Users/oscar/.gemini/antigravity/scratch/cuadrante-fetico/src/App.jsx:199:8: ERROR: The symbol "stopAlarm" has 
already been declared
    at failureErrorWithLog 
(C:\Users\oscar\.gemini\antigravity\scratch\cuadrante-fetico\node_modules\esbuild\lib\main.js:1649:15)
    at C:\Users\oscar\.gemini\antigravity\scratch\cuadrante-fetico\node_modules\esbuild\lib\main.js:847:29
    at responseCallbacks.<computed> 
(C:\Users\oscar\.gemini\antigravity\scratch\cuadrante-fetico\node_modules\esbuild\lib\main.js:703:9)
    at handleIncomingPacket 
(C:\Users\oscar\.gemini\antigravity\scratch\cuadrante-fetico\node_modules\esbuild\lib\main.js:762:9)
    at Socket.readFromStdout 
(C:\Users\oscar\.gemini\antigravity\scratch\cuadrante-fetico\node_modules\esbuild\lib\main.js:679:7)
    at Socket.emit (node:events:508:28)
    at addChunk (node:internal/streams/readable:559:12)
    at readableAddChunkPushByteMode (node:internal/streams/readable:510:3)
    at Readable.push (node:internal/streams/readable:390:5)
    at Pipe.onStreamRead (node:internal/stream_base_commons:189:23)[39m
